
> ahp-simple@1.0.0 build
> next build

  Γû▓ Next.js 14.2.35

   Creating an optimized production build ...
 Γ£ô Compiled successfully
   Linting and checking validity of types ...
 Γ¿» ESLint: Invalid Options: - Unknown options: useEslintrc, extensions - 'extensions' has been removed.
   Collecting page data ...
   Generating static pages (0/23) ...
   Generating static pages (5/23) 
   Generating static pages (11/23) 
   Generating static pages (17/23) 
 Γ£ô Generating static pages (23/23)
   Finalizing page optimization ...
   Collecting build traces ...

Route (app)                              Size     First Load JS
Γöî Γùï /                                    7.1 kB         94.7 kB
Γö£ Γùï /_not-found                          876 B          88.5 kB
Γö£ ╞Æ /api/ai-reviewer                     0 B                0 B
Γö£ ╞Æ /api/audit-decision                  0 B                0 B
Γö£ ╞Æ /api/backup                          0 B                0 B
Γö£ ╞Æ /api/calculate                       0 B                0 B
Γö£ ╞Æ /api/export-demographics             0 B                0 B
Γö£ ╞Æ /api/generate-academic               0 B                0 B
Γö£ ╞Æ /api/generate-article                0 B                0 B
Γö£ ╞Æ /api/response-quality                0 B                0 B
Γö£ ╞Æ /api/send-invite                     0 B                0 B
Γö£ ╞Æ /api/simulate                        0 B                0 B
Γö£ ╞Æ /api/test-claude                     0 B                0 B
Γö£ ╞Æ /api/validate                        0 B                0 B
Γö£ ╞Æ /api/validate-external               0 B                0 B
Γö£ ╞Æ /avaliacao/[projectId]               25.2 kB         200 kB
Γö£ ╞Æ /decisor/dashboard/[projectId]       20.6 kB         195 kB
Γö£ Γùï /decisor/projetos                    17.1 kB         191 kB
Γö£ ╞Æ /decisor/resultados/[projectId]      567 kB          850 kB
Γö£ Γùï /decisor/simulacao                   7.47 kB         179 kB
Γö£ Γùï /decisor/validacao                   4.84 kB         284 kB
Γö£ Γùï /especialista                        1.94 kB        98.3 kB
Γö£ Γùï /obrigado                            2.01 kB        98.3 kB
Γö£ Γùï /perfil                              4.37 kB         175 kB
Γöö Γùï /test-design                         139 B          87.7 kB
+ First Load JS shared by all            87.6 kB
  Γö£ chunks/117-4dabc5b00a90885e.js       31.9 kB
  Γö£ chunks/fd9d1056-52c1c583fb324022.js  53.6 kB
  Γöö other shared chunks (total)          2.03 kB


Γùï  (Static)   prerendered as static content
╞Æ  (Dynamic)  server-rendered on demand

